colour targets: A=examples/wave_src.jpg  B=examples/fuji_b_m.png  (stochastic shard overlap)
perspex palette: ['C', 'M', 'Y', 'K']   max stack: 3
fabrication: kerf 0.20 mm (applied to every shard polygon in panel_stack_pieces -- shared by the cut files and shards.obj/.ply)
interleaving C/M/Y/K shards onto shared depth planes (stochastic overlap) ...
shard search: kept seed=4 of 6 runs (composite score 2.1631)

=== wall reconstruction accuracy ===
Wall A: RMSE 0.1695  |  PSNR 15.4 dB  |  SSIM 0.770  |  edge-fidelity 0.469
Wall B: RMSE 0.1154  |  PSNR 18.8 dB  |  SSIM 0.867  |  edge-fidelity 0.584
  (RMSE/PSNR = colour accuracy; SSIM/edge-fidelity = structural/detail accuracy -- low SSIM or edge-fidelity with a fine RMSE means the image is washing out into colour blobs even though the average colour is close)

=== shard regions vs. fabrication ceiling ===
Wall A: 109 shard regions (ceiling 220 (natural, detail-biased count))  |  penumbra-aware min feature: 4.50 mm
Wall B: 86 shard regions (ceiling 220 (natural, detail-biased count))  |  penumbra-aware min feature: 4.50 mm

=== overlap shard counts (per channel, across all stack slots) ===
Wall A: 168 laminated layers  C:34, K:80, M:19, Y:35
Wall B: 150 laminated layers  C:34, K:86, M:30
stack depth per shard region (secondary/tertiary mixing): 1-stack:121, 2-stack:25, 3-stack:49
scatter: jitter_px min 0 | median 0 | max 0
  softening vs. physical penumbra: 0.0x sigma (median), 0.0x sigma (max) -- >1x means the cast shadow is being deliberately softened by this much to buy extra scrambling
collisions: 0 resolved, 0 remaining
vectorising stack slots + exporting per-colour cut files + dense .obj ...
  76 laminated shards; per-colour cut files: C:22, K:38, M:10, Y:6
wrote out_wave_fujib_final\shards.obj (shards + wall/panel/light rig groups for orientation), shards.ply, out_wave_fujib_final\cut (per-slot per-colour + structure), scene_interactive.html, preview_final.png, cmyk_channels/
